Archive member included because of file (symbol)

/home/madog/programs/CodeSourcery/Sourcery_CodeBench_Lite_for_ARM_EABI/bin/../lib/gcc/arm-none-eabi/4.6.1/../../../../arm-none-eabi/lib/thumb2/libc.a(lib_a-memcpy.o)
                              build/obj/hal_buffers.o (memcpy)

Discarded input sections

 .data          0x00000000        0x0 build/obj/crt0_v7m.o
 .bss           0x00000000        0x0 build/obj/crt0_v7m.o
 .data          0x00000000        0x0 build/obj/chcoreasm_v7m.o
 .bss           0x00000000        0x0 build/obj/chcoreasm_v7m.o
 .text          0x00000000        0x0 build/obj/crt1.o
 .data          0x00000000        0x0 build/obj/crt1.o
 .bss           0x00000000        0x0 build/obj/crt1.o
 .text.__early_init
                0x00000000       0x10 build/obj/crt1.o
 .text          0x00000000        0x0 build/obj/vectors.o
 .data          0x00000000        0x0 build/obj/vectors.o
 .bss           0x00000000        0x0 build/obj/vectors.o
 .text          0x00000000        0x0 build/obj/chsys.o
 .data          0x00000000        0x0 build/obj/chsys.o
 .bss           0x00000000        0x0 build/obj/chsys.o
 .text.chSysHalt
                0x00000000       0x10 build/obj/chsys.o
 .text.chSysIntegrityCheckI
                0x00000000       0xa0 build/obj/chsys.o
 .text.chSysGetStatusAndLockX
                0x00000000       0x20 build/obj/chsys.o
 .text.chSysRestoreStatusX
                0x00000000       0x20 build/obj/chsys.o
 .text.chSysIsCounterWithinX
                0x00000000       0x10 build/obj/chsys.o
 .text.chSysPolledDelayX
                0x00000000       0x20 build/obj/chsys.o
 .text          0x00000000        0x0 build/obj/chdebug.o
 .data          0x00000000        0x0 build/obj/chdebug.o
 .bss           0x00000000        0x0 build/obj/chdebug.o
 .debug_info    0x00000000      0x6a8 build/obj/chdebug.o
 .debug_abbrev  0x00000000      0x129 build/obj/chdebug.o
 .debug_line    0x00000000      0x227 build/obj/chdebug.o
 .debug_str     0x00000000      0x478 build/obj/chdebug.o
 .comment       0x00000000       0x31 build/obj/chdebug.o
 .ARM.attributes
                0x00000000       0x33 build/obj/chdebug.o
 .text          0x00000000        0x0 build/obj/chvt.o
 .data          0x00000000        0x0 build/obj/chvt.o
 .bss           0x00000000        0x0 build/obj/chvt.o
 .text          0x00000000        0x0 build/obj/chschd.o
 .data          0x00000000        0x0 build/obj/chschd.o
 .bss           0x00000000        0x0 build/obj/chschd.o
 .text.chSchDoRescheduleBehind
                0x00000000       0x40 build/obj/chschd.o
 .text.chSchRescheduleS
                0x00000000       0x20 build/obj/chschd.o
 .text          0x00000000        0x0 build/obj/chthreads.o
 .data          0x00000000        0x0 build/obj/chthreads.o
 .bss           0x00000000        0x0 build/obj/chthreads.o
 .text.chThdStart
                0x00000000       0x20 build/obj/chthreads.o
 .text.chThdSetPriority
                0x00000000       0x30 build/obj/chthreads.o
 .text.chThdTerminate
                0x00000000       0x20 build/obj/chthreads.o
 .text.chThdSleepUntil
                0x00000000       0x30 build/obj/chthreads.o
 .text.chThdSleepUntilWindowed
                0x00000000       0x40 build/obj/chthreads.o
 .text.chThdYield
                0x00000000       0x30 build/obj/chthreads.o
 .text.chThdWait
                0x00000000       0x40 build/obj/chthreads.o
 .text.chThdSuspendS
                0x00000000       0x20 build/obj/chthreads.o
 .text.chThdSuspendTimeoutS
                0x00000000       0x20 build/obj/chthreads.o
 .text.chThdResumeI
                0x00000000       0x20 build/obj/chthreads.o
 .text.chThdResumeS
                0x00000000       0x10 build/obj/chthreads.o
 .text.chThdResume
                0x00000000       0x20 build/obj/chthreads.o
 .text.chThdDequeueAllI
                0x00000000       0x30 build/obj/chthreads.o
 .text          0x00000000        0x0 build/obj/chtm.o
 .data          0x00000000        0x0 build/obj/chtm.o
 .bss           0x00000000        0x0 build/obj/chtm.o
 .text.chTMObjectInit
                0x00000000       0x20 build/obj/chtm.o
 .text.chTMChainMeasurementToX
                0x00000000       0x40 build/obj/chtm.o
 .text          0x00000000        0x0 build/obj/chdynamic.o
 .data          0x00000000        0x0 build/obj/chdynamic.o
 .bss           0x00000000        0x0 build/obj/chdynamic.o
 .text.chThdAddRef
                0x00000000       0x20 build/obj/chdynamic.o
 .text.chThdRelease
                0x00000000       0x60 build/obj/chdynamic.o
 .text.chThdCreateFromHeap
                0x00000000       0x40 build/obj/chdynamic.o
 .text.chThdCreateFromMemoryPool
                0x00000000       0x50 build/obj/chdynamic.o
 .debug_info    0x00000000      0xcbe build/obj/chdynamic.o
 .debug_abbrev  0x00000000      0x289 build/obj/chdynamic.o
 .debug_loc     0x00000000      0x2c2 build/obj/chdynamic.o
 .debug_aranges
[...]
Memory Configuration

Name             Origin             Length             Attributes
flash            0x08000000         0x00020000
ram0             0x20000000         0x00002000
ram1             0x00000000         0x00000000
ram2             0x00000000         0x00000000
ram3             0x00000000         0x00000000
ram4             0x00000000         0x00000000
ram5             0x00000000         0x00000000
ram6             0x00000000         0x00000000
ram7             0x00000000         0x00000000
*default*        0x00000000         0xffffffff

Linker script and memory map

LOAD build/obj/crt0_v7m.o
LOAD build/obj/chcoreasm_v7m.o
LOAD build/obj/crt1.o
LOAD build/obj/vectors.o
LOAD build/obj/chsys.o
LOAD build/obj/chdebug.o
LOAD build/obj/chvt.o
LOAD build/obj/chschd.o
LOAD build/obj/chthreads.o
LOAD build/obj/chtm.o
LOAD build/obj/chdynamic.o
LOAD build/obj/chregistry.o
LOAD build/obj/chsem.o
LOAD build/obj/chmtx.o
LOAD build/obj/chcond.o
LOAD build/obj/chevents.o
LOAD build/obj/chmsg.o
LOAD build/obj/chmboxes.o
LOAD build/obj/chqueues.o
LOAD build/obj/chmemcore.o
LOAD build/obj/chheap.o
LOAD build/obj/chmempools.o
LOAD build/obj/chcore.o
LOAD build/obj/chcore_v7m.o
LOAD build/obj/osal.o
LOAD build/obj/hal.o
LOAD build/obj/st.o
LOAD build/obj/hal_buffers.o
LOAD build/obj/hal_queues.o
LOAD build/obj/hal_mmcsd.o
LOAD build/obj/pal.o
LOAD build/obj/serial.o
LOAD build/obj/nvic.o
LOAD build/obj/hal_lld.o
LOAD build/obj/stm32_dma.o
LOAD build/obj/st_lld.o
LOAD build/obj/pal_lld.o
LOAD build/obj/serial_lld.o
LOAD build/obj/board.o
LOAD build/obj/test.o
LOAD build/obj/testthd.o
LOAD build/obj/testsem.o
LOAD build/obj/testmtx.o
LOAD build/obj/testmsg.o
LOAD build/obj/testmbox.o
LOAD build/obj/testevt.o
LOAD build/obj/testheap.o
LOAD build/obj/testpools.o
LOAD build/obj/testdyn.o
LOAD build/obj/testqueues.o
LOAD build/obj/testsys.o
LOAD build/obj/testbmk.o
LOAD build/obj/chprintf.o
LOAD build/obj/main.o
LOAD /home/madog/programs/CodeSourcery/Sourcery_CodeBench_Lite_for_ARM_EABI/bin/../lib/gcc/arm-none-eabi/4.6.1/../../../../arm-none-eabi/lib/thumb2/libm.a
                0x20000000                __ram0_start__ = ORIGIN (ram0)
                0x00002000                __ram0_size__ = 0x2000
                0x20002000                __ram0_end__ = (__ram0_start__ + __ram0_size__)
                0x00000000                __ram1_start__ = ORIGIN (ram1)
                0x00000000                __ram1_size__ = 0x0
                0x00000000                __ram1_end__ = (__ram1_start__ + __ram1_size__)
                0x00000000                __ram2_start__ = ORIGIN (ram2)
                0x00000000                __ram2_size__ = 0x0
                0x00000000                __ram2_end__ = (__ram2_start__ + __ram2_size__)
                0x00000000                __ram3_start__ = ORIGIN (ram3)
                0x00000000                __ram3_size__ = 0x0
                0x00000000                __ram3_end__ = (__ram3_start__ + __ram3_size__)
                0x00000000                __ram4_start__ = ORIGIN (ram4)
                0x00000000                __ram4_size__ = 0x0
                0x00000000                __ram4_end__ = (__ram4_start__ + __ram4_size__)
                0x00000000                __ram5_start__ = ORIGIN (ram5)
                0x00000000                __ram5_size__ = 0x0
                0x00000000                __ram5_end__ = (__ram5_start__ + __ram5_size__)
                0x00000000                __ram6_start__ = ORIGIN (ram6)
                0x00000000                __ram6_size__ = 0x0
                0x00000000                __ram6_end__ = (__ram6_start__ + __ram6_size__)
                0x00000000                __ram7_start__ = ORIGIN (ram7)
                0x00000000                __ram7_size__ = 0x0
                0x00000000                __ram7_end__ = (__ram7_start__ + __ram7_size__)
                0x00000000                . = 0x0
                0x00000000                _text = .

startup         0x08000000      0x180
 *(.vectors)
 .vectors       0x08000000      0x180 build/obj/vectors.o
                0x08000000                _vectors

constructors    0x08000180        0x0
                0x08000180                __init_array_start = .
 *(SORT(.init_array.*))
 *(.init_array)
                0x08000180                __init_array_end = .

destructors     0x08000180        0x0
                0x08000180                __fini_array_start = .
 *(.fini_array)
 *(SORT(.fini_array.*))
                0x08000180                __fini_array_end = .

.text           0x08000180     0x1a5c
 *(.text)
 .text          0x08000180       0xd4 build/obj/crt0_v7m.o
                0x08000180                Reset_Handler
 *fill*         0x08000254        0xc 00
 .text          0x08000260       0x28 build/obj/chcoreasm_v7m.o
                0x08000260                _port_switch
                0x08000270                _port_thread_start
                0x08000280                _port_switch_from_isr
                0x08000284                _port_exit_from_isr
 *(.text.*)
 *fill*         0x08000288        0x8 00
 .text.__core_init
                0x08000290       0x10 build/obj/crt1.o
                0x08000290                __core_init
 .text.__late_init
                0x080002a0       0x10 build/obj/crt1.o
                0x080002a0                __late_init
 .text.__default_exit
                0x080002b0       0x10 build/obj/crt1.o
                0x080002b0                __default_exit
 .text.__init_ram_areas
                0x080002c0       0xb0 build/obj/crt1.o
                0x080002c0                __init_ram_areas
 .text._unhandled_exception
                0x08000370       0x10 build/obj/vectors.o
                0x08000370                Vector58
                0x08000370                VectorE8
                0x08000370                Vector9C
                0x08000370                VectorAC
                0x08000370                DebugMon_Handler
                0x08000370                Vector5C
                0x08000370                Vector11C
                0x08000370                HardFault_Handler
                0x08000370                Vector8C
                0x08000370                SysTick_Handler
                0x08000370                PendSV_Handler
                0x08000370                NMI_Handler
                0x08000370                Vector110
                0x08000370                Vector120
                0x08000370                VectorC8
                0x08000370                Vector94
                0x08000370                VectorA8
                0x08000370                VectorB4
                0x08000370                Vector74
                0x08000370                UsageFault_Handler
                0x08000370                VectorEC
                0x08000370                Vector40
                0x08000370                VectorF8
                0x08000370                Vector108
                0x08000370                VectorBC
                0x08000370                Vector150
                0x08000370                Vector124
                0x08000370                Vector148
                0x08000370                Vector118
                0x08000370                Vector64
                0x08000370                VectorCC
                0x08000370                Vector54
                0x08000370                Vector98
                0x08000370                Vector138
                0x08000370                Vector24
                0x08000370                Vector84
                0x08000370                VectorD0
                0x08000370                Vector140
                0x08000370                VectorE4
                0x08000370                VectorC0
                0x08000370                Vector158
                0x08000370                Vector130
                0x08000370                Vector134
                0x08000370                VectorF0
                0x08000370                Vector12C
                0x08000370                Vector13C
                0x08000370                Vector100
                0x08000370                VectorE0
                0x08000370                VectorF4
                0x08000370                MemManage_Handler
                0x08000370                Vector6C
                0x08000370                VectorA0
                0x08000370                VectorC4
                0x08000370                Vector7C
                0x08000370                Vector90
                0x08000370                Vector114
                0x08000370                Vector60
                0x08000370                Vector1C
                0x08000370                Vector48
                0x08000370                Vector70
                0x08000370                VectorD4
                0x08000370                Vector4C
                0x08000370                Vector144
                0x08000370                Vector80
                0x08000370                Vector15C
                0x08000370                Vector68
                0x08000370                Vector78
                0x08000370                _unhandled_exception
                0x08000370                Vector88
                0x08000370                Vector104
                0x08000370                Vector10C
                0x08000370                Vector14C
                0x08000370                BusFault_Handler
                0x08000370                Vector50
                0x08000370                Vector154
                0x08000370                Vector44
                0x08000370                Vector28
                0x08000370                VectorB8
                0x08000370                VectorFC
                0x08000370                Vector34
                0x08000370                Vector128
                0x08000370                VectorA4
                0x08000370                Vector20
 .text._idle_thread
                0x08000380       0x10 build/obj/chsys.o
 .text.chSysInit
                0x08000390       0xc0 build/obj/chsys.o
                0x08000390                chSysInit
 .text.chSysTimerHandlerI
                0x08000450       0xa0 build/obj/chsys.o
                0x08000450                chSysTimerHandlerI
 .text._vt_init
                0x080004f0       0x20 build/obj/chvt.o
                0x080004f0                _vt_init
 .text.chVTDoSetI
                0x08000510       0xa0 build/obj/chvt.o
                0x08000510                chVTDoSetI
 .text.chVTDoResetI
                0x080005b0       0x90 build/obj/chvt.o
                0x080005b0                chVTDoResetI
 .text.wakeup   0x08000640       0x60 build/obj/chschd.o
 .text._scheduler_init
                0x080006a0       0x20 build/obj/chschd.o
                0x080006a0                _scheduler_init
 .text.chSchReadyI
                0x080006c0       0x30 build/obj/chschd.o
                0x080006c0                chSchReadyI
 .text.chSchGoSleepS
                0x080006f0       0x30 build/obj/chschd.o
                0x080006f0                chSchGoSleepS
 .text.chSchGoSleepTimeoutS
                0x08000720       0x50 build/obj/chschd.o
                0x08000720                chSchGoSleepTimeoutS
 .text.chSchWakeupS
                0x08000770       0x60 build/obj/chschd.o
                0x08000770                chSchWakeupS
 .text.chSchIsPreemptionRequired
                0x080007d0       0x20 build/obj/chschd.o
                0x080007d0                chSchIsPreemptionRequired
 .text.chSchDoRescheduleAhead
                0x080007f0       0x40 build/obj/chschd.o
                0x080007f0                chSchDoRescheduleAhead
 .text.chSchDoReschedule
                0x08000830       0x10 build/obj/chschd.o
                0x08000830                chSchDoReschedule
 .text._thread_init
                0x08000840       0x40 build/obj/chthreads.o
                0x08000840                _thread_init
 .text.chThdCreateI
                0x08000880       0x70 build/obj/chthreads.o
                0x08000880                chThdCreateI
 .text.chThdCreateStatic
                0x080008f0       0x30 build/obj/chthreads.o
                0x080008f0                chThdCreateStatic
 .text.chThdSleep
                0x08000920       0x20 build/obj/chthreads.o
                0x08000920                chThdSleep
 .text.chThdExitS
                0x08000940       0x50 build/obj/chthreads.o
                0x08000940                chThdExitS
 .text.chThdExit
                0x08000990       0x10 build/obj/chthreads.o
                0x08000990                chThdExit
 .text.chThdEnqueueTimeoutS
                0x080009a0       0x30 build/obj/chthreads.o
                0x080009a0                chThdEnqueueTimeoutS
 .text.chThdDequeueNextI
                0x080009d0       0x20 build/obj/chthreads.o
                0x080009d0                chThdDequeueNextI
 .text.chTMStartMeasurementX
                0x080009f0       0x10 build/obj/chtm.o
                0x080009f0                chTMStartMeasurementX
 .text.chTMStopMeasurementX
                0x08000a00       0x50 build/obj/chtm.o
                0x08000a00                chTMStopMeasurementX
 .text._tm_init
                0x08000a50       0x40 build/obj/chtm.o
                0x08000a50                _tm_init
 .text.chMtxObjectInit
                0x08000a90       0x10 build/obj/chmtx.o
                0x08000a90                chMtxObjectInit
 .text.chEvtSignalI
                0x08000aa0       0x30 build/obj/chevents.o
                0x08000aa0                chEvtSignalI
 .text.chEvtBroadcastFlagsI
                0x08000ad0       0x30 build/obj/chevents.o
                0x08000ad0                chEvtBroadcastFlagsI
 .text.chIQObjectInit
                0x08000b00       0x20 build/obj/chqueues.o
                0x08000b00                chIQObjectInit
 .text.chIQPutI
                0x08000b20       0x40 build/obj/chqueues.o
                0x08000b20                chIQPutI
 .text.chIQGetTimeout
                0x08000b60       0x50 build/obj/chqueues.o
                0x08000b60                chIQGetTimeout
 .text.chIQReadTimeout
                0x08000bb0       0x80 build/obj/chqueues.o
                0x08000bb0                chIQReadTimeout
 .text.chOQObjectInit
                0x08000c30       0x20 build/obj/chqueues.o
                0x08000c30                chOQObjectInit
 .text.chOQPutTimeout
                0x08000c50       0x50 build/obj/chqueues.o
                0x08000c50                chOQPutTimeout
 .text.chOQGetI
                0x08000ca0       0x40 build/obj/chqueues.o
                0x08000ca0                chOQGetI
 .text.chOQWriteTimeout
                0x08000ce0       0x80 build/obj/chqueues.o
                0x08000ce0                chOQWriteTimeout
 .text._core_init
                0x08000d60       0x30 build/obj/chmemcore.o
                0x08000d60                _core_init
 .text.chCoreAlloc
                0x08000d90       0x40 build/obj/chmemcore.o
                0x08000d90                chCoreAlloc
 .text._heap_init
                0x08000dd0       0x20 build/obj/chheap.o
                0x08000dd0                _heap_init
 .text.SVC_Handler
                0x08000df0       0x20 build/obj/chcore_v7m.o
                0x08000df0                SVC_Handler
 .text._port_irq_epilogue
                0x08000e10       0x60 build/obj/chcore_v7m.o
                0x08000e10                _port_irq_epilogue
 .text.halInit  0x08000e70       0x30 build/obj/hal.o
                0x08000e70                halInit
 .text.stInit   0x08000ea0       0x10 build/obj/st.o
                0x08000ea0                stInit
 .text.stStartAlarm
                0x08000eb0       0x10 build/obj/st.o
                0x08000eb0                stStartAlarm
 .text.stStopAlarm
                0x08000ec0       0x10 build/obj/st.o
                0x08000ec0                stStopAlarm
 .text.stSetAlarm
                0x08000ed0       0x10 build/obj/st.o
                0x08000ed0                stSetAlarm
 .text.readt    0x08000ee0       0x10 build/obj/serial.o
 .text.read     0x08000ef0       0x10 build/obj/serial.o
 .text.writet   0x08000f00       0x10 build/obj/serial.o
 .text.write    0x08000f10       0x10 build/obj/serial.o
 .text.gett     0x08000f20       0x10 build/obj/serial.o
 .text.get      0x08000f30       0x10 build/obj/serial.o
 .text.putt     0x08000f40       0x10 build/obj/serial.o
 .text.put      0x08000f50       0x10 build/obj/serial.o
 .text.sdInit   0x08000f60       0x10 build/obj/serial.o
                0x08000f60                sdInit
 .text.sdObjectInit
                0x08000f70       0x50 build/obj/serial.o
                0x08000f70                sdObjectInit
 .text.sdStart  0x08000fc0       0x20 build/obj/serial.o
                0x08000fc0                sdStart
 .text.sdIncomingDataI
                0x08000fe0       0x40 build/obj/serial.o
                0x08000fe0                sdIncomingDataI
 .text.nvicEnableVector
                0x08001020       0x30 build/obj/nvic.o
                0x08001020                nvicEnableVector
 .text.hal_lld_init
                0x08001050       0x50 build/obj/hal_lld.o
                0x08001050                hal_lld_init
 .text.stm32_clock_init
                0x080010a0       0xa0 build/obj/hal_lld.o
                0x080010a0                stm32_clock_init
 .text.VectorB0
                0x08001140       0x30 build/obj/st_lld.o
                0x08001140                VectorB0
 .text.st_lld_init
                0x08001170       0x50 build/obj/st_lld.o
                0x08001170                st_lld_init
 .text._pal_lld_init
                0x080011c0       0x90 build/obj/pal_lld.o
                0x080011c0                _pal_lld_init
 .text.notify2  0x08001250       0x20 build/obj/serial_lld.o
 .text.notify3  0x08001270       0x20 build/obj/serial_lld.o
 .text.serve_interrupt
                0x08001290      0x110 build/obj/serial_lld.o
 .text.VectorD8
                0x080013a0       0x20 build/obj/serial_lld.o
                0x080013a0                VectorD8
 .text.VectorDC
                0x080013c0       0x20 build/obj/serial_lld.o
                0x080013c0                VectorDC
 .text.sd_lld_init
                0x080013e0       0x50 build/obj/serial_lld.o
                0x080013e0                sd_lld_init
 .text.sd_lld_start
                0x08001430       0xb0 build/obj/serial_lld.o
                0x08001430                sd_lld_start
 .text.__early_init
                0x080014e0       0x10 build/obj/board.o
                0x080014e0                __early_init
 .text.boardInit
                0x080014f0       0x10 build/obj/board.o
                0x080014f0                boardInit
 .text.chvprintf
                0x08001500      0x4c0 build/obj/chprintf.o
                0x08001500                chvprintf
 .text.chprintf
                0x080019c0       0x20 build/obj/chprintf.o
                0x080019c0                chprintf
 .text.Thread1  0x080019e0       0x40 build/obj/main.o
 .text.startup.main
                0x08001a20       0x60 build/obj/main.o
                0x08001a20                main
 *(.rodata)
 *(.rodata.*)
 .rodata.ram_areas
                0x08001a80       0x80 build/obj/crt1.o
 .rodata.str1.4
                0x08001b00        0x5 build/obj/chsys.o
                                  0x8 (size before relaxing)
 *fill*         0x08001b05        0xb 00
 .rodata.ch_debug
                0x08001b10       0x18 build/obj/chregistry.o
                0x08001b10                ch_debug
 *fill*         0x08001b28        0x8 00
 .rodata.vmt    0x08001b30       0x20 build/obj/serial.o
 .rodata.default_config
                0x08001b50        0xc build/obj/serial_lld.o
 *fill*         0x08001b5c        0x4 00
 .rodata.pal_default_config
                0x08001b60       0x3c build/obj/board.o
                0x08001b60                pal_default_config
 *fill*         0x08001b9c        0x4 00
 .rodata.str1.4
                0x08001ba0        0x7 build/obj/chprintf.o
                                  0x8 (size before relaxing)
 *fill*         0x08001ba7        0x9 00
 .rodata.str1.4
                0x08001bb0       0x2c build/obj/main.o
 *(.glue_7t)
 .glue_7t       0x00000000        0x0 linker stubs
 *(.glue_7)
 .glue_7        0x00000000        0x0 linker stubs
 *(.gcc*)

.vfp11_veneer   0x08001bdc        0x0
 .vfp11_veneer  0x00000000        0x0 linker stubs

.v4_bx          0x08001bdc        0x0
 .v4_bx         0x00000000        0x0 linker stubs

.iplt           0x08001bdc        0x0
 .iplt          0x00000000        0x0 build/obj/crt0_v7m.o

.rel.dyn        0x08001bdc        0x0
 .rel.iplt      0x00000000        0x0 build/obj/crt0_v7m.o

.ARM.extab
 *(.ARM.extab* .gnu.linkonce.armextab.*)

.ARM.exidx      0x08001bdc        0x0
                0x08001bdc                __exidx_start = .
 *(.ARM.exidx* .gnu.linkonce.armexidx.*)
                0x08001bdc                __exidx_end = .

.eh_frame_hdr
 *(.eh_frame_hdr)

.eh_frame
 *(.eh_frame)

.textalign      0x08001bdc        0x4
                0x08001be0                . = ALIGN (0x8)
 *fill*         0x08001bdc        0x4 00
                0x08001be0                . = ALIGN (0x4)
                0x08001be0                PROVIDE (_etext, .)

.mstack         0x20000000      0x400
                0x20000000                . = ALIGN (0x8)
                0x20000000                __main_stack_base__ = .
                0x20000400                . = (. + __main_stack_size__)
 *fill*         0x20000000      0x400 00
                0x20000400                . = ALIGN (0x8)
                0x20000400                __main_stack_end__ = .

.pstack         0x20000400      0x400
                0x20000400                __process_stack_base__ = .
                0x20000400                __main_thread_stack_base__ = .
                0x20000800                . = (. + __process_stack_size__)
 *fill*         0x20000400      0x400 00
                0x20000800                . = ALIGN (0x8)
                0x20000800                __process_stack_end__ = .
                0x20000800                __main_thread_stack_end__ = .

.data           0x20000800        0x0 load address 0x08001be0
                0x20000800                . = ALIGN (0x4)
                0x08001be0                PROVIDE (_textdata, LOADADDR (.data))
                0x20000800                PROVIDE (_data, .)
                0x08001be0                _textdata_start = LOADADDR (.data)
                0x20000800                _data_start = .
 *(.data)
 *(.data.*)
 *(.ramtext)
                0x20000800                . = ALIGN (0x4)
                0x20000800                PROVIDE (_edata, .)
                0x20000800                _data_end = .

.igot.plt       0x20000800        0x0 load address 0x08001be0
 .igot.plt      0x00000000        0x0 build/obj/crt0_v7m.o

.bss            0x20000800      0x3b0 load address 0x08001be0
                0x20000800                . = ALIGN (0x4)
                0x20000800                _bss_start = .
 *(.bss)
 *(.bss.*)
 .bss.ch        0x20000800      0x150 build/obj/chschd.o
                0x20000800                ch
 .bss.endmem    0x20000950        0x4 build/obj/chmemcore.o
 .bss.nextmem   0x20000954        0x4 build/obj/chmemcore.o
 .bss.default_heap
                0x20000958       0x20 build/obj/chheap.o
 .bss.SD2       0x20000978       0x78 build/obj/serial_lld.o
                0x20000978                SD2
 .bss.SD3       0x200009f0       0x78 build/obj/serial_lld.o
                0x200009f0                SD3
 .bss.waThread1
                0x20000a68      0x148 build/obj/main.o
 *(COMMON)
                0x20000bb0                . = ALIGN (0x4)
                0x20000bb0                _bss_end = .
                0x20000bb0                PROVIDE (end, .)

.ram0_init      0x20000bb0        0x0 load address 0x08001be0
                0x20000bb0                . = ALIGN (0x4)
                0x08001be0                __ram0_init_text__ = LOADADDR (.ram0_init)
                0x20000bb0                __ram0_init__ = .
 *(.ram0_init)
 *(.ram0_init.*)
                0x20000bb0                . = ALIGN (0x4)

.ram0           0x20000bb0        0x0 load address 0x08001be0
                0x20000bb0                . = ALIGN (0x4)
                0x20000bb0                __ram0_clear__ = .
 *(.ram0_clear)
 *(.ram0_clear.*)
                0x20000bb0                . = ALIGN (0x4)
                0x20000bb0                __ram0_noinit__ = .
 *(.ram0)
 *(.ram0.*)
                0x20000bb0                . = ALIGN (0x4)
                0x20000bb0                __ram0_free__ = .

.ram1_init      0x00000000        0x0 load address 0x08001be0
                0x00000000                . = ALIGN (0x4)
                0x08001be0                __ram1_init_text__ = LOADADDR (.ram1_init)
                0x00000000                __ram1_init__ = .
 *(.ram1_init)
 *(.ram1_init.*)
                0x00000000                . = ALIGN (0x4)

.ram1           0x00000000        0x0 load address 0x08001be0
                0x00000000                . = ALIGN (0x4)
                0x00000000                __ram1_clear__ = .
 *(.ram1_clear)
 *(.ram1_clear.*)
                0x00000000                . = ALIGN (0x4)
                0x00000000                __ram1_noinit__ = .
 *(.ram1)
 *(.ram1.*)
                0x00000000                . = ALIGN (0x4)
                0x00000000                __ram1_free__ = .

.ram2_init      0x00000000        0x0 load address 0x08001be0
                0x00000000                . = ALIGN (0x4)
                0x08001be0                __ram2_init_text__ = LOADADDR (.ram2_init)
                0x00000000                __ram2_init__ = .
 *(.ram2_init)
 *(.ram2_init.*)
                0x00000000                . = ALIGN (0x4)

.ram2           0x00000000        0x0 load address 0x08001be0
                0x00000000                . = ALIGN (0x4)
                0x00000000                __ram2_clear__ = .
 *(.ram2_clear)
 *(.ram2_clear.*)
                0x00000000                . = ALIGN (0x4)
                0x00000000                __ram2_noinit__ = .
 *(.ram2)
 *(.ram2.*)
                0x00000000                . = ALIGN (0x4)
                0x00000000                __ram2_free__ = .

.ram3_init      0x00000000        0x0 load address 0x08001be0
                0x00000000                . = ALIGN (0x4)
                0x08001be0                __ram3_init_text__ = LOADADDR (.ram3_init)
                0x00000000                __ram3_init__ = .
 *(.ram3_init)
 *(.ram3_init.*)
                0x00000000                . = ALIGN (0x4)

.ram3           0x00000000        0x0 load address 0x08001be0
                0x00000000                . = ALIGN (0x4)
                0x00000000                __ram3_clear__ = .
 *(.ram3_clear)
 *(.ram3_clear.*)
                0x00000000                . = ALIGN (0x4)
                0x00000000                __ram3_noinit__ = .
 *(.ram3)
 *(.ram3.*)
                0x00000000                . = ALIGN (0x4)
                0x00000000                __ram3_free__ = .

.ram4_init      0x00000000        0x0 load address 0x08001be0
                0x00000000                . = ALIGN (0x4)
                0x08001be0                __ram4_init_text__ = LOADADDR (.ram4_init)
                0x00000000                __ram4_init__ = .
 *(.ram4_init)
 *(.ram4_init.*)
                0x00000000                . = ALIGN (0x4)

.ram4           0x00000000        0x0 load address 0x08001be0
                0x00000000                . = ALIGN (0x4)
                0x00000000                __ram4_clear__ = .
 *(.ram4_clear)
 *(.ram4_clear.*)
                0x00000000                . = ALIGN (0x4)
                0x00000000                __ram4_noinit__ = .
 *(.ram4)
 *(.ram4.*)
                0x00000000                . = ALIGN (0x4)
                0x00000000                __ram4_free__ = .

.ram5_init      0x00000000        0x0 load address 0x08001be0
                0x00000000                . = ALIGN (0x4)
                0x08001be0                __ram5_init_text__ = LOADADDR (.ram5_init)
                0x00000000                __ram5_init__ = .
 *(.ram5_init)
 *(.ram5_init.*)
                0x00000000                . = ALIGN (0x4)

.ram5           0x00000000        0x0 load address 0x08001be0
                0x00000000                . = ALIGN (0x4)
                0x00000000                __ram5_clear__ = .
 *(.ram5_clear)
 *(.ram5_clear.*)
                0x00000000                . = ALIGN (0x4)
                0x00000000                __ram5_noinit__ = .
 *(.ram5)
 *(.ram5.*)
                0x00000000                . = ALIGN (0x4)
                0x00000000                __ram5_free__ = .

.ram6_init      0x00000000        0x0 load address 0x08001be0
                0x00000000                . = ALIGN (0x4)
                0x08001be0                __ram6_init_text__ = LOADADDR (.ram6_init)
                0x00000000                __ram6_init__ = .
 *(.ram6_init)
 *(.ram6_init.*)
                0x00000000                . = ALIGN (0x4)

.ram6           0x00000000        0x0 load address 0x08001be0
                0x00000000                . = ALIGN (0x4)
                0x00000000                __ram6_clear__ = .
 *(.ram6_clear)
 *(.ram6_clear.*)
                0x00000000                . = ALIGN (0x4)
                0x00000000                __ram6_noinit__ = .
 *(.ram6)
 *(.ram6.*)
                0x00000000                . = ALIGN (0x4)
                0x00000000                __ram6_free__ = .

.ram7_init      0x00000000        0x0 load address 0x08001be0
                0x00000000                . = ALIGN (0x4)
                0x08001be0                __ram7_init_text__ = LOADADDR (.ram7_init)
                0x00000000                __ram7_init__ = .
 *(.ram7_init)
 *(.ram7_init.*)
                0x00000000                . = ALIGN (0x4)

.ram7           0x00000000        0x0 load address 0x08001be0
                0x00000000                . = ALIGN (0x4)
                0x00000000                __ram7_clear__ = .
 *(.ram7_clear)
 *(.ram7_clear.*)
                0x00000000                . = ALIGN (0x4)
                0x00000000                __ram7_noinit__ = .
 *(.ram7)
 *(.ram7.*)
                0x00000000                . = ALIGN (0x4)
                0x00000000                __ram7_free__ = .

.heap           0x20000bb0     0x1450
                0x20000bb0                . = ALIGN (0x8)
                0x20000bb0                __heap_base__ = .
                0x20002000                . = (ORIGIN (HEAP_RAM) + 0x2000)
 *fill*         0x20000bb0     0x1450 00
                0x20002000                __heap_end__ = .
                0x00000400                __process_stack_size__ = 0x400
                0x00000400                __main_stack_size__ = 0x400
START GROUP
LOAD /home/madog/programs/CodeSourcery/Sourcery_CodeBench_Lite_for_ARM_EABI/bin/../lib/gcc/arm-none-eabi/4.6.1/thumb2/libgcc.a
LOAD /home/madog/programs/CodeSourcery/Sourcery_CodeBench_Lite_for_ARM_EABI/bin/../lib/gcc/arm-none-eabi/4.6.1/../../../../arm-none-eabi/lib/thumb2/libc.a
END GROUP
OUTPUT(build/ch.elf elf32-littlearm)

.ARM.attributes
                0x00000000       0x2f
 .ARM.attributes
                0x00000000       0x21 build/obj/crt0_v7m.o
 .ARM.attributes
                0x00000021       0x21 build/obj/chcoreasm_v7m.o
 .ARM.attributes
                0x00000042       0x33 build/obj/crt1.o
 .ARM.attributes
                0x00000075       0x33 build/obj/vectors.o
 .ARM.attributes
                0x000000a8       0x33 build/obj/chsys.o
 .ARM.attributes
                0x000000db       0x33 build/obj/chvt.o
 .ARM.attributes
                0x0000010e       0x33 build/obj/chschd.o
 .ARM.attributes
                0x00000141       0x33 build/obj/chthreads.o
 .ARM.attributes
                0x00000174       0x33 build/obj/chtm.o
 .ARM.attributes
                0x000001a7       0x33 build/obj/chregistry.o
 .ARM.attributes
                0x000001da       0x33 build/obj/chmtx.o
 .ARM.attributes
                0x0000020d       0x33 build/obj/chevents.o
 .ARM.attributes
                0x00000240       0x33 build/obj/chqueues.o
 .ARM.attributes
                0x00000273       0x33 build/obj/chmemcore.o
 .ARM.attributes
                0x000002a6       0x33 build/obj/chheap.o
 .ARM.attributes
                0x000002d9       0x33 build/obj/chcore_v7m.o
 .ARM.attributes
                0x0000030c       0x33 build/obj/hal.o
 .ARM.attributes
                0x0000033f       0x33 build/obj/st.o
 .ARM.attributes
                0x00000372       0x33 build/obj/serial.o
 .ARM.attributes
                0x000003a5       0x33 build/obj/nvic.o
 .ARM.attributes
                0x000003d8       0x33 build/obj/hal_lld.o
 .ARM.attributes
                0x0000040b       0x33 build/obj/st_lld.o
 .ARM.attributes
                0x0000043e       0x33 build/obj/pal_lld.o
 .ARM.attributes
                0x00000471       0x33 build/obj/serial_lld.o
 .ARM.attributes
                0x000004a4       0x33 build/obj/board.o
 .ARM.attributes
                0x000004d7       0x33 build/obj/chprintf.o
 .ARM.attributes
                0x0000050a       0x33 build/obj/main.o

.comment        0x00000000       0x30
 .comment       0x00000000       0x30 build/obj/crt1.o
                                 0x31 (size before relaxing)
 .comment       0x00000000       0x31 build/obj/vectors.o
 .comment       0x00000000       0x31 build/obj/chsys.o
 .comment       0x00000000       0x31 build/obj/chvt.o
 .comment       0x00000000       0x31 build/obj/chschd.o
 .comment       0x00000000       0x31 build/obj/chthreads.o
 .comment       0x00000000       0x31 build/obj/chtm.o
 .comment       0x00000000       0x31 build/obj/chregistry.o
 .comment       0x00000000       0x31 build/obj/chmtx.o
 .comment       0x00000000       0x31 build/obj/chevents.o
 .comment       0x00000000       0x31 build/obj/chqueues.o
 .comment       0x00000000       0x31 build/obj/chmemcore.o
 .comment       0x00000000       0x31 build/obj/chheap.o
 .comment       0x00000000       0x31 build/obj/chcore_v7m.o
 .comment       0x00000000       0x31 build/obj/hal.o
 .comment       0x00000000       0x31 build/obj/st.o
 .comment       0x00000000       0x31 build/obj/serial.o
 .comment       0x00000000       0x31 build/obj/nvic.o
 .comment       0x00000000       0x31 build/obj/hal_lld.o
 .comment       0x00000000       0x31 build/obj/st_lld.o
 .comment       0x00000000       0x31 build/obj/pal_lld.o
 .comment       0x00000000       0x31 build/obj/serial_lld.o
 .comment       0x00000000       0x31 build/obj/board.o
 .comment       0x00000000       0x31 build/obj/chprintf.o
 .comment       0x00000000       0x31 build/obj/main.o

.debug_info     0x00000000    0x139d8
 .debug_info    0x00000000      0x508 build/obj/crt1.o
 .debug_info    0x00000508      0x221 build/obj/vectors.o
 .debug_info    0x00000729     0x18f5 build/obj/chsys.o
 .debug_info    0x0000201e      0xa5c build/obj/chvt.o
 .debug_info    0x00002a7a      0xca2 build/obj/chschd.o
 .debug_info    0x0000371c     0x1a04 build/obj/chthreads.o
 .debug_info    0x00005120      0xa59 build/obj/chtm.o
 .debug_info    0x00005b79      0x9df build/obj/chregistry.o
 .debug_info    0x00006558      0xfa6 build/obj/chmtx.o
 .debug_info    0x000074fe     0x1555 build/obj/chevents.o
 .debug_info    0x00008a53     0x10f3 build/obj/chqueues.o
 .debug_info    0x00009b46      0x8f6 build/obj/chmemcore.o
 .debug_info    0x0000a43c      0x965 build/obj/chheap.o
 .debug_info    0x0000ada1      0xaf6 build/obj/chcore_v7m.o
 .debug_info    0x0000b897      0x784 build/obj/hal.o
 .debug_info    0x0000c01b      0x996 build/obj/st.o
 .debug_info    0x0000c9b1     0x1442 build/obj/serial.o
 .debug_info    0x0000ddf3      0xa94 build/obj/nvic.o
 .debug_info    0x0000e887      0x8a9 build/obj/hal_lld.o
 .debug_info    0x0000f130      0xa89 build/obj/st_lld.o
 .debug_info    0x0000fbb9      0x9a9 build/obj/pal_lld.o
 .debug_info    0x00010562     0x1325 build/obj/serial_lld.o
 .debug_info    0x00011887      0x809 build/obj/board.o
 .debug_info    0x00012090      0xc3b build/obj/chprintf.o
 .debug_info    0x00012ccb      0xd0d build/obj/main.o

.debug_abbrev   0x00000000     0x3eca
 .debug_abbrev  0x00000000       0xf3 build/obj/crt1.o
 .debug_abbrev  0x000000f3       0xc6 build/obj/vectors.o
 .debug_abbrev  0x000001b9      0x4c3 build/obj/chsys.o
 .debug_abbrev  0x0000067c      0x27c build/obj/chvt.o
 .debug_abbrev  0x000008f8      0x3c0 build/obj/chschd.o
 .debug_abbrev  0x00000cb8      0x455 build/obj/chthreads.o
 .debug_abbrev  0x0000110d      0x264 build/obj/chtm.o
 .debug_abbrev  0x00001371      0x254 build/obj/chregistry.o
 .debug_abbrev  0x000015c5      0x35f build/obj/chmtx.o
 .debug_abbrev  0x00001924      0x364 build/obj/chevents.o
 .debug_abbrev  0x00001c88      0x37e build/obj/chqueues.o
 .debug_abbrev  0x00002006      0x287 build/obj/chmemcore.o
 .debug_abbrev  0x0000228d      0x255 build/obj/chheap.o
 .debug_abbrev  0x000024e2      0x243 build/obj/chcore_v7m.o
 .debug_abbrev  0x00002725      0x14f build/obj/hal.o
 .debug_abbrev  0x00002874      0x221 build/obj/st.o
 .debug_abbrev  0x00002a95      0x3b4 build/obj/serial.o
 .debug_abbrev  0x00002e49      0x1c1 build/obj/nvic.o
 .debug_abbrev  0x0000300a      0x1a0 build/obj/hal_lld.o
 .debug_abbrev  0x000031aa      0x1e5 build/obj/st_lld.o
 .debug_abbrev  0x0000338f      0x1a7 build/obj/pal_lld.o
 .debug_abbrev  0x00003536      0x365 build/obj/serial_lld.o
 .debug_abbrev  0x0000389b      0x16b build/obj/board.o
 .debug_abbrev  0x00003a06      0x29f build/obj/chprintf.o
 .debug_abbrev  0x00003ca5      0x225 build/obj/main.o

.debug_loc      0x00000000     0x3cac
 .debug_loc     0x00000000       0x76 build/obj/crt1.o
 .debug_loc     0x00000076      0x3d2 build/obj/chsys.o
 .debug_loc     0x00000448      0x1a4 build/obj/chvt.o
 .debug_loc     0x000005ec      0x328 build/obj/chschd.o
 .debug_loc     0x00000914      0x7ea build/obj/chthreads.o
 .debug_loc     0x000010fe       0xba build/obj/chtm.o
 .debug_loc     0x000011b8       0x7d build/obj/chregistry.o
 .debug_loc     0x00001235      0x55d build/obj/chmtx.o
 .debug_loc     0x00001792      0x6bc build/obj/chevents.o
 .debug_loc     0x00001e4e      0x48d build/obj/chqueues.o
 .debug_loc     0x000022db       0x69 build/obj/chmemcore.o
 .debug_loc     0x00002344      0x2b3 build/obj/chheap.o
 .debug_loc     0x000025f7       0x74 build/obj/chcore_v7m.o
 .debug_loc     0x0000266b       0x20 build/obj/hal.o
 .debug_loc     0x0000268b       0x32 build/obj/st.o
 .debug_loc     0x000026bd      0x485 build/obj/serial.o
 .debug_loc     0x00002b42       0x7f build/obj/nvic.o
 .debug_loc     0x00002bc1       0x69 build/obj/st_lld.o
 .debug_loc     0x00002c2a      0x24c build/obj/pal_lld.o
 .debug_loc     0x00002e76      0x3cb build/obj/serial_lld.o
 .debug_loc     0x00003241      0xa0c build/obj/chprintf.o
 .debug_loc     0x00003c4d       0x5f build/obj/main.o

.debug_aranges  0x00000000      0x708
 .debug_aranges
                0x00000000       0x40 build/obj/crt1.o
 .debug_aranges
                0x00000040       0x20 build/obj/vectors.o
 .debug_aranges
                0x00000060       0x60 build/obj/chsys.o
 .debug_aranges
                0x000000c0       0x30 build/obj/chvt.o
 .debug_aranges
                0x000000f0       0x70 build/obj/chschd.o
 .debug_aranges
                0x00000160       0xc0 build/obj/chthreads.o
 .debug_aranges
                0x00000220       0x40 build/obj/chtm.o
 .debug_aranges
                0x00000260       0x28 build/obj/chregistry.o
 .debug_aranges
                0x00000288       0x58 build/obj/chmtx.o
 .debug_aranges
                0x000002e0       0xa0 build/obj/chevents.o
 .debug_aranges
                0x00000380       0x68 build/obj/chqueues.o
 .debug_aranges
                0x000003e8       0x38 build/obj/chmemcore.o
 .debug_aranges
                0x00000420       0x40 build/obj/chheap.o
 .debug_aranges
                0x00000460       0x28 build/obj/chcore_v7m.o
 .debug_aranges
                0x00000488       0x20 build/obj/hal.o
 .debug_aranges
                0x000004a8       0x40 build/obj/st.o
 .debug_aranges
                0x000004e8       0x98 build/obj/serial.o
 .debug_aranges
                0x00000580       0x38 build/obj/nvic.o
 .debug_aranges
                0x000005b8       0x28 build/obj/hal_lld.o
 .debug_aranges
                0x000005e0       0x28 build/obj/st_lld.o
 .debug_aranges
                0x00000608       0x28 build/obj/pal_lld.o
 .debug_aranges
                0x00000630       0x58 build/obj/serial_lld.o
 .debug_aranges
                0x00000688       0x28 build/obj/board.o
 .debug_aranges
                0x000006b0       0x30 build/obj/chprintf.o
 .debug_aranges
                0x000006e0       0x28 build/obj/main.o

.debug_ranges   0x00000000     0x18c8
 .debug_ranges  0x00000000       0x30 build/obj/crt1.o
 .debug_ranges  0x00000030       0x10 build/obj/vectors.o
 .debug_ranges  0x00000040      0x2a0 build/obj/chsys.o
 .debug_ranges  0x000002e0      0x108 build/obj/chvt.o
 .debug_ranges  0x000003e8      0x258 build/obj/chschd.o
 .debug_ranges  0x00000640      0x3f0 build/obj/chthreads.o
 .debug_ranges  0x00000a30       0x80 build/obj/chtm.o
 .debug_ranges  0x00000ab0       0x78 build/obj/chregistry.o
 .debug_ranges  0x00000b28      0x338 build/obj/chmtx.o
 .debug_ranges  0x00000e60      0x230 build/obj/chevents.o
 .debug_ranges  0x00001090      0x1e0 build/obj/chqueues.o
 .debug_ranges  0x00001270       0x28 build/obj/chmemcore.o
 .debug_ranges  0x00001298       0x30 build/obj/chheap.o
 .debug_ranges  0x000012c8       0x18 build/obj/chcore_v7m.o
 .debug_ranges  0x000012e0       0x10 build/obj/hal.o
 .debug_ranges  0x000012f0       0x30 build/obj/st.o
 .debug_ranges  0x00001320      0x250 build/obj/serial.o
 .debug_ranges  0x00001570       0x28 build/obj/nvic.o
 .debug_ranges  0x00001598       0x38 build/obj/hal_lld.o
 .debug_ranges  0x000015d0       0x18 build/obj/st_lld.o
 .debug_ranges  0x000015e8       0x18 build/obj/pal_lld.o
 .debug_ranges  0x00001600      0x150 build/obj/serial_lld.o
 .debug_ranges  0x00001750       0x18 build/obj/board.o
 .debug_ranges  0x00001768      0x128 build/obj/chprintf.o
 .debug_ranges  0x00001890       0x38 build/obj/main.o

.debug_line     0x00000000     0x698b
 .debug_line    0x00000000      0x1d4 build/obj/crt1.o
 .debug_line    0x000001d4      0x17a build/obj/vectors.o
 .debug_line    0x0000034e      0x5df build/obj/chsys.o
 .debug_line    0x0000092d      0x3ea build/obj/chvt.o
 .debug_line    0x00000d17      0x560 build/obj/chschd.o
 .debug_line    0x00001277      0x7f0 build/obj/chthreads.o
 .debug_line    0x00001a67      0x33d build/obj/chtm.o
 .debug_line    0x00001da4      0x378 build/obj/chregistry.o
 .debug_line    0x0000211c      0x53e build/obj/chmtx.o
 .debug_line    0x0000265a      0x5c9 build/obj/chevents.o
 .debug_line    0x00002c23      0x5ab build/obj/chqueues.o
 .debug_line    0x000031ce      0x373 build/obj/chmemcore.o
 .debug_line    0x00003541      0x3d6 build/obj/chheap.o
 .debug_line    0x00003917      0x2ae build/obj/chcore_v7m.o
 .debug_line    0x00003bc5      0x318 build/obj/hal.o
 .debug_line    0x00003edd      0x34a build/obj/st.o
 .debug_line    0x00004227      0x63a build/obj/serial.o
 .debug_line    0x00004861      0x2c9 build/obj/nvic.o
 .debug_line    0x00004b2a      0x3c5 build/obj/hal_lld.o
 .debug_line    0x00004eef      0x39f build/obj/st_lld.o
 .debug_line    0x0000528e      0x3a3 build/obj/pal_lld.o
 .debug_line    0x00005631      0x5cc build/obj/serial_lld.o
 .debug_line    0x00005bfd      0x3cb build/obj/board.o
 .debug_line    0x00005fc8      0x51f build/obj/chprintf.o
 .debug_line    0x000064e7      0x4a4 build/obj/main.o

.debug_str      0x00000000     0x2615
 .debug_str     0x00000000      0x37e build/obj/crt1.o
                                0x3ce (size before relaxing)
 .debug_str     0x0000037e      0x17b build/obj/vectors.o
                                0x26b (size before relaxing)
 .debug_str     0x000004f9      0xbdf build/obj/chsys.o
                                0xd0b (size before relaxing)
 .debug_str     0x000010d8       0x89 build/obj/chvt.o
                                0x578 (size before relaxing)
 .debug_str     0x00001161      0x176 build/obj/chschd.o
                                0x634 (size before relaxing)
 .debug_str     0x000012d7      0x242 build/obj/chthreads.o
                                0x786 (size before relaxing)
 .debug_str     0x00001519       0xe6 build/obj/chtm.o
                                0x5f0 (size before relaxing)
 .debug_str     0x000015ff       0x62 build/obj/chregistry.o
                                0x5db (size before relaxing)
 .debug_str     0x00001661       0xca build/obj/chmtx.o
                                0x58f (size before relaxing)
 .debug_str     0x0000172b      0x211 build/obj/chevents.o
                                0x6ad (size before relaxing)
 .debug_str     0x0000193c      0x193 build/obj/chqueues.o
                                0x63a (size before relaxing)
 .debug_str     0x00001acf       0x94 build/obj/chmemcore.o
                                0x52e (size before relaxing)
 .debug_str     0x00001b63       0xe1 build/obj/chheap.o
                                0x540 (size before relaxing)
 .debug_str     0x00001c44       0xa9 build/obj/chcore_v7m.o
                                0x59a (size before relaxing)
 .debug_str     0x00001ced       0x9f build/obj/hal.o
                                0x4d9 (size before relaxing)
 .debug_str     0x00001d8c       0xbf build/obj/st.o
                                0x543 (size before relaxing)
 .debug_str     0x00001e4b      0x1b8 build/obj/serial.o
                                0x77b (size before relaxing)
 .debug_str     0x00002003       0x9d build/obj/nvic.o
                                0x5a4 (size before relaxing)
 .debug_str     0x000020a0      0x10f build/obj/hal_lld.o
                                0x55f (size before relaxing)
 .debug_str     0x000021af       0xb7 build/obj/st_lld.o
                                0x5f2 (size before relaxing)
 .debug_str     0x00002266       0xba build/obj/pal_lld.o
                                0x594 (size before relaxing)
 .debug_str     0x00002320       0xcf build/obj/serial_lld.o
                                0x7e9 (size before relaxing)
 .debug_str     0x000023ef       0x83 build/obj/board.o
                                0x52e (size before relaxing)
 .debug_str     0x00002472      0x159 build/obj/chprintf.o
                                0x5c1 (size before relaxing)
 .debug_str     0x000025cb       0x4a build/obj/main.o
                                0x66f (size before relaxing)

.debug_frame    0x00000000      0xfd8
 .debug_frame   0x00000000       0x74 build/obj/crt1.o
 .debug_frame   0x00000074       0x20 build/obj/vectors.o
 .debug_frame   0x00000094       0xe0 build/obj/chsys.o
 .debug_frame   0x00000174       0x64 build/obj/chvt.o
 .debug_frame   0x000001d8       0xfc build/obj/chschd.o
 .debug_frame   0x000002d4      0x22c build/obj/chthreads.o
 .debug_frame   0x00000500       0x84 build/obj/chtm.o
 .debug_frame   0x00000584       0x3c build/obj/chregistry.o
 .debug_frame   0x000005c0       0xe0 build/obj/chmtx.o
 .debug_frame   0x000006a0      0x1cc build/obj/chevents.o
 .debug_frame   0x0000086c      0x148 build/obj/chqueues.o
 .debug_frame   0x000009b4       0x50 build/obj/chmemcore.o
 .debug_frame   0x00000a04       0xa0 build/obj/chheap.o
 .debug_frame   0x00000aa4       0x3c build/obj/chcore_v7m.o
 .debug_frame   0x00000ae0       0x2c build/obj/hal.o
 .debug_frame   0x00000b0c       0x60 build/obj/st.o
 .debug_frame   0x00000b6c      0x15c build/obj/serial.o
 .debug_frame   0x00000cc8       0x5c build/obj/nvic.o
 .debug_frame   0x00000d24       0x30 build/obj/hal_lld.o
 .debug_frame   0x00000d54       0x48 build/obj/st_lld.o
 .debug_frame   0x00000d9c       0x48 build/obj/pal_lld.o
 .debug_frame   0x00000de4       0xe0 build/obj/serial_lld.o
 .debug_frame   0x00000ec4       0x30 build/obj/board.o
 .debug_frame   0x00000ef4       0x98 build/obj/chprintf.o
 .debug_frame   0x00000f8c       0x4c build/obj/main.o

Cross Reference Table

Symbol                                            File
BusFault_Handler                                  build/obj/vectors.o
DebugMon_Handler                                  build/obj/vectors.o
HardFault_Handler                                 build/obj/vectors.o
MemManage_Handler                                 build/obj/vectors.o
NMI_Handler                                       build/obj/vectors.o
PendSV_Handler                                    build/obj/vectors.o
Reset_Handler                                     build/obj/crt0_v7m.o
                                                  build/obj/vectors.o
SD2                                               build/obj/serial_lld.o
SD3                                               build/obj/serial_lld.o
                                                  build/obj/main.o
SVC_Handler                                       build/obj/chcore_v7m.o
                                                  build/obj/vectors.o
SysTick_Handler                                   build/obj/vectors.o
SystemCoreClock                                   build/obj/hal_lld.o
TestThread                                        build/obj/test.o
UsageFault_Handler                                build/obj/vectors.o
Vector100                                         build/obj/vectors.o
Vector104                                         build/obj/vectors.o
Vector108                                         build/obj/vectors.o
Vector10C                                         build/obj/vectors.o
Vector110                                         build/obj/vectors.o
Vector114                                         build/obj/vectors.o
Vector118                                         build/obj/vectors.o
Vector11C                                         build/obj/vectors.o
Vector120                                         build/obj/vectors.o
Vector124                                         build/obj/vectors.o
Vector128                                         build/obj/vectors.o
Vector12C                                         build/obj/vectors.o
Vector130                                         build/obj/vectors.o
Vector134                                         build/obj/vectors.o
Vector138                                         build/obj/vectors.o
Vector13C                                         build/obj/vectors.o
Vector140                                         build/obj/vectors.o
Vector144                                         build/obj/vectors.o
Vector148                                         build/obj/vectors.o
Vector14C                                         build/obj/vectors.o
Vector150                                         build/obj/vectors.o
Vector154                                         build/obj/vectors.o
Vector158                                         build/obj/vectors.o
Vector15C                                         build/obj/vectors.o
Vector1C                                          build/obj/vectors.o
Vector20                                          build/obj/vectors.o
Vector24                                          build/obj/vectors.o
Vector28                                          build/obj/vectors.o
Vector34                                          build/obj/vectors.o
Vector40                                          build/obj/vectors.o
Vector44                                          build/obj/vectors.o
Vector48                                          build/obj/vectors.o
Vector4C                                          build/obj/vectors.o
Vector50                                          build/obj/vectors.o
Vector54                                          build/obj/vectors.o
Vector58                                          build/obj/vectors.o
Vector5C                                          build/obj/vectors.o
Vector60                                          build/obj/vectors.o
Vector64                                          build/obj/vectors.o
Vector68                                          build/obj/vectors.o
Vector6C                                          build/obj/vectors.o
Vector70                                          build/obj/vectors.o
Vector74                                          build/obj/vectors.o
Vector78                                          build/obj/vectors.o
Vector7C                                          build/obj/vectors.o
Vector80                                          build/obj/vectors.o
Vector84                                          build/obj/vectors.o
Vector88                                          build/obj/vectors.o
Vector8C                                          build/obj/vectors.o
Vector90                                          build/obj/vectors.o
Vector94                                          build/obj/vectors.o
Vector98                                          build/obj/vectors.o
Vector9C                                          build/obj/vectors.o
VectorA0                                          build/obj/vectors.o
VectorA4                                          build/obj/vectors.o
VectorA8                                          build/obj/vectors.o
VectorAC                                          build/obj/vectors.o
VectorB0                                          build/obj/st_lld.o
                                                  build/obj/vectors.o
VectorB4                                          build/obj/vectors.o
VectorB8                                          build/obj/vectors.o
VectorBC                                          build/obj/vectors.o
VectorC0                                          build/obj/vectors.o
VectorC4                                          build/obj/vectors.o
VectorC8                                          build/obj/vectors.o
VectorCC                                          build/obj/vectors.o
VectorD0                                          build/obj/vectors.o
VectorD4                                          build/obj/vectors.o
VectorD8                                          build/obj/serial_lld.o
                                                  build/obj/vectors.o
VectorDC                                          build/obj/serial_lld.o
                                                  build/obj/vectors.o
VectorE0                                          build/obj/vectors.o
VectorE4                                          build/obj/vectors.o
VectorE8                                          build/obj/vectors.o
VectorEC                                          build/obj/vectors.o
VectorF0                                          build/obj/vectors.o
VectorF4                                          build/obj/vectors.o
VectorF8                                          build/obj/vectors.o
VectorFC                                          build/obj/vectors.o
__core_init                                       build/obj/crt1.o
                                                  build/obj/crt0_v7m.o
__default_exit                                    build/obj/crt1.o
                                                  build/obj/crt0_v7m.o
__early_init                                      build/obj/board.o
                                                  build/obj/crt1.o
                                                  build/obj/crt0_v7m.o
__fini_array_end                                  build/obj/crt0_v7m.o
__fini_array_start                                build/obj/crt0_v7m.o
__heap_base__                                     build/obj/chmemcore.o
__heap_end__                                      build/obj/chmemcore.o
__init_array_end                                  build/obj/crt0_v7m.o
__init_array_start                                build/obj/crt0_v7m.o
__init_ram_areas                                  build/obj/crt1.o
                                                  build/obj/crt0_v7m.o
__late_init                                       build/obj/crt1.o
                                                  build/obj/crt0_v7m.o
__main_stack_base__                               build/obj/crt0_v7m.o
__main_stack_end__                                build/obj/vectors.o
                                                  build/obj/crt0_v7m.o
__process_stack_base__                            build/obj/crt0_v7m.o
__process_stack_end__                             build/obj/crt0_v7m.o
__ram0_clear__                                    build/obj/crt1.o
__ram0_init__                                     build/obj/crt1.o
__ram0_init_text__                                build/obj/crt1.o
__ram0_noinit__                                   build/obj/crt1.o
__ram1_clear__                                    build/obj/crt1.o
__ram1_init__                                     build/obj/crt1.o
__ram1_init_text__                                build/obj/crt1.o
__ram1_noinit__                                   build/obj/crt1.o
__ram2_clear__                                    build/obj/crt1.o
__ram2_init__                                     build/obj/crt1.o
__ram2_init_text__                                build/obj/crt1.o
__ram2_noinit__                                   build/obj/crt1.o
__ram3_clear__                                    build/obj/crt1.o
__ram3_init__                                     build/obj/crt1.o
__ram3_init_text__                                build/obj/crt1.o
__ram3_noinit__                                   build/obj/crt1.o
__ram4_clear__                                    build/obj/crt1.o
__ram4_init__                                     build/obj/crt1.o
__ram4_init_text__                                build/obj/crt1.o
__ram4_noinit__                                   build/obj/crt1.o
__ram5_clear__                                    build/obj/crt1.o
__ram5_init__                                     build/obj/crt1.o
__ram5_init_text__                                build/obj/crt1.o
__ram5_noinit__                                   build/obj/crt1.o
__ram6_clear__                                    build/obj/crt1.o
__ram6_init__                                     build/obj/crt1.o
__ram6_init_text__                                build/obj/crt1.o
__ram6_noinit__                                   build/obj/crt1.o
__ram7_clear__                                    build/obj/crt1.o
__ram7_init__                                     build/obj/crt1.o
__ram7_init_text__                                build/obj/crt1.o
__ram7_noinit__                                   build/obj/crt1.o
_bss_end                                          build/obj/crt0_v7m.o
_bss_start                                        build/obj/crt0_v7m.o
_core_init                                        build/obj/chmemcore.o
                                                  build/obj/chsys.o
_data_end                                         build/obj/crt0_v7m.o
_data_start                                       build/obj/crt0_v7m.o
_heap_init                                        build/obj/chheap.o
                                                  build/obj/chsys.o
_pal_lld_init                                     build/obj/pal_lld.o
                                                  build/obj/hal.o
_pal_lld_setgroupmode                             build/obj/pal_lld.o
                                                  build/obj/pal.o
_port_exit_from_isr                               build/obj/chcoreasm_v7m.o
                                                  build/obj/chcore_v7m.o
_port_irq_epilogue                                build/obj/chcore_v7m.o
                                                  build/obj/serial_lld.o
                                                  build/obj/st_lld.o
_port_switch                                      build/obj/chcoreasm_v7m.o
                                                  build/obj/chschd.o
_port_switch_from_isr                             build/obj/chcoreasm_v7m.o
                                                  build/obj/chcore_v7m.o
_port_thread_start                                build/obj/chcoreasm_v7m.o
                                                  build/obj/chthreads.o
_scheduler_init                                   build/obj/chschd.o
                                                  build/obj/chsys.o
_test_assert                                      build/obj/test.o
                                                  build/obj/testsys.o
                                                  build/obj/testqueues.o
                                                  build/obj/testdyn.o
                                                  build/obj/testpools.o
                                                  build/obj/testheap.o
                                                  build/obj/testevt.o
                                                  build/obj/testmbox.o
                                                  build/obj/testmtx.o
                                                  build/obj/testsem.o
                                                  build/obj/testthd.o
_test_assert_sequence                             build/obj/test.o
                                                  build/obj/testqueues.o
                                                  build/obj/testdyn.o
                                                  build/obj/testevt.o
                                                  build/obj/testmbox.o
                                                  build/obj/testmsg.o
                                                  build/obj/testmtx.o
                                                  build/obj/testsem.o
                                                  build/obj/testthd.o
_test_assert_time_window                          build/obj/test.o
                                                  build/obj/testevt.o
                                                  build/obj/testsem.o
                                                  build/obj/testthd.o
_test_fail                                        build/obj/test.o
_textdata_start                                   build/obj/crt0_v7m.o
_thread_init                                      build/obj/chthreads.o
                                                  build/obj/chsys.o
_tm_init                                          build/obj/chtm.o
                                                  build/obj/chsys.o
_unhandled_exception                              build/obj/vectors.o
_vectors                                          build/obj/vectors.o
_vt_init                                          build/obj/chvt.o
                                                  build/obj/chsys.o
boardInit                                         build/obj/board.o
                                                  build/obj/main.o
                                                  build/obj/hal.o
ch                                                build/obj/chschd.o
                                                  build/obj/main.o
                                                  build/obj/testbmk.o
                                                  build/obj/testqueues.o
                                                  build/obj/testdyn.o
                                                  build/obj/testevt.o
                                                  build/obj/testmsg.o
                                                  build/obj/testmtx.o
                                                  build/obj/testsem.o
                                                  build/obj/testthd.o
                                                  build/obj/chmsg.o
                                                  build/obj/chevents.o
                                                  build/obj/chcond.o
                                                  build/obj/chmtx.o
                                                  build/obj/chsem.o
                                                  build/obj/chregistry.o
                                                  build/obj/chtm.o
                                                  build/obj/chthreads.o
                                                  build/obj/chvt.o
                                                  build/obj/chsys.o
chCondBroadcast                                   build/obj/chcond.o
                                                  build/obj/testmtx.o
chCondBroadcastI                                  build/obj/chcond.o
chCondObjectInit                                  build/obj/chcond.o
                                                  build/obj/testmtx.o
chCondSignal                                      build/obj/chcond.o
                                                  build/obj/testmtx.o
chCondSignalI                                     build/obj/chcond.o
                                                  build/obj/testmtx.o
chCondWait                                        build/obj/chcond.o
                                                  build/obj/testmtx.o
chCondWaitS                                       build/obj/chcond.o
chCondWaitTimeout                                 build/obj/chcond.o
                                                  build/obj/testmtx.o
chCondWaitTimeoutS                                build/obj/chcond.o
chCoreAlloc                                       build/obj/chmemcore.o
                                                  build/obj/chheap.o
chCoreAllocI                                      build/obj/chmemcore.o
chCoreGetStatusX                                  build/obj/chmemcore.o
                                                  build/obj/testheap.o
chEvtAddEvents                                    build/obj/chevents.o
                                                  build/obj/testevt.o
chEvtBroadcastFlags                               build/obj/chevents.o
                                                  build/obj/testevt.o
chEvtBroadcastFlagsI                              build/obj/chevents.o
                                                  build/obj/serial_lld.o
                                                  build/obj/serial.o
chEvtDispatch                                     build/obj/chevents.o
                                                  build/obj/testevt.o
chEvtGetAndClearEvents                            build/obj/chevents.o
                                                  build/obj/testevt.o
chEvtGetAndClearFlags                             build/obj/chevents.o
chEvtGetAndClearFlagsI                            build/obj/chevents.o
chEvtRegisterMaskWithFlags                        build/obj/chevents.o
                                                  build/obj/testevt.o
chEvtSignal                                       build/obj/chevents.o
                                                  build/obj/testevt.o
chEvtSignalI                                      build/obj/chevents.o
chEvtUnregister                                   build/obj/chevents.o
                                                  build/obj/testevt.o
chEvtWaitAll                                      build/obj/chevents.o
                                                  build/obj/testevt.o
chEvtWaitAllTimeout                               build/obj/chevents.o
                                                  build/obj/testevt.o
chEvtWaitAny                                      build/obj/chevents.o
                                                  build/obj/testevt.o
chEvtWaitAnyTimeout                               build/obj/chevents.o
                                                  build/obj/testevt.o
chEvtWaitOne                                      build/obj/chevents.o
                                                  build/obj/testevt.o
chEvtWaitOneTimeout                               build/obj/chevents.o
                                                  build/obj/testevt.o
chHeapAlloc                                       build/obj/chheap.o
                                                  build/obj/testdyn.o
                                                  build/obj/testheap.o
                                                  build/obj/chdynamic.o
chHeapFree                                        build/obj/chheap.o
                                                  build/obj/testdyn.o
                                                  build/obj/testheap.o
                                                  build/obj/chdynamic.o
chHeapObjectInit                                  build/obj/chheap.o
                                                  build/obj/testdyn.o
                                                  build/obj/testheap.o
chHeapStatus                                      build/obj/chheap.o
                                                  build/obj/testdyn.o
                                                  build/obj/testheap.o
chIQGetTimeout                                    build/obj/chqueues.o
                                                  build/obj/testbmk.o
                                                  build/obj/testqueues.o
                                                  build/obj/serial.o
chIQObjectInit                                    build/obj/chqueues.o
                                                  build/obj/testbmk.o
                                                  build/obj/testqueues.o
                                                  build/obj/serial.o
chIQPutI                                          build/obj/chqueues.o
                                                  build/obj/testbmk.o
                                                  build/obj/testqueues.o
                                                  build/obj/serial.o
chIQReadTimeout                                   build/obj/chqueues.o
                                                  build/obj/testqueues.o
                                                  build/obj/serial.o
chIQResetI                                        build/obj/chqueues.o
                                                  build/obj/testqueues.o
                                                  build/obj/serial.o
chMBFetch                                         build/obj/chmboxes.o
                                                  build/obj/testmbox.o
chMBFetchI                                        build/obj/chmboxes.o
                                                  build/obj/testmbox.o
chMBFetchS                                        build/obj/chmboxes.o
chMBObjectInit                                    build/obj/chmboxes.o
                                                  build/obj/testmbox.o
chMBPost                                          build/obj/chmboxes.o
                                                  build/obj/testmbox.o
chMBPostAhead                                     build/obj/chmboxes.o
                                                  build/obj/testmbox.o
chMBPostAheadI                                    build/obj/chmboxes.o
                                                  build/obj/testmbox.o
chMBPostAheadS                                    build/obj/chmboxes.o
chMBPostI                                         build/obj/chmboxes.o
                                                  build/obj/testmbox.o
chMBPostS                                         build/obj/chmboxes.o
chMBReset                                         build/obj/chmboxes.o
                                                  build/obj/testmbox.o
chMBResetI                                        build/obj/chmboxes.o
chMsgRelease                                      build/obj/chmsg.o
                                                  build/obj/testbmk.o
                                                  build/obj/testmsg.o
chMsgSend                                         build/obj/chmsg.o
                                                  build/obj/testbmk.o
                                                  build/obj/testmsg.o
chMsgWait                                         build/obj/chmsg.o
                                                  build/obj/testbmk.o
                                                  build/obj/testmsg.o
chMtxLock                                         build/obj/chmtx.o
                                                  build/obj/testbmk.o
                                                  build/obj/testmtx.o
                                                  build/obj/chheap.o
chMtxLockS                                        build/obj/chmtx.o
                                                  build/obj/chcond.o
chMtxObjectInit                                   build/obj/chmtx.o
                                                  build/obj/testbmk.o
                                                  build/obj/testmtx.o
                                                  build/obj/chheap.o
chMtxTryLock                                      build/obj/chmtx.o
                                                  build/obj/testmtx.o
chMtxTryLockS                                     build/obj/chmtx.o
chMtxUnlock                                       build/obj/chmtx.o
                                                  build/obj/testbmk.o
                                                  build/obj/testmtx.o
                                                  build/obj/chheap.o
chMtxUnlockAll                                    build/obj/chmtx.o
                                                  build/obj/testmtx.o
chMtxUnlockS                                      build/obj/chmtx.o
                                                  build/obj/testmtx.o
                                                  build/obj/chcond.o
chOQGetI                                          build/obj/chqueues.o
                                                  build/obj/testqueues.o
                                                  build/obj/serial_lld.o
                                                  build/obj/serial.o
chOQObjectInit                                    build/obj/chqueues.o
                                                  build/obj/testqueues.o
                                                  build/obj/serial.o
chOQPutTimeout                                    build/obj/chqueues.o
                                                  build/obj/testqueues.o
                                                  build/obj/serial.o
chOQResetI                                        build/obj/chqueues.o
                                                  build/obj/testqueues.o
                                                  build/obj/serial.o
chOQWriteTimeout                                  build/obj/chqueues.o
                                                  build/obj/testqueues.o
                                                  build/obj/serial.o
chPoolAlloc                                       build/obj/chmempools.o
                                                  build/obj/testdyn.o
                                                  build/obj/testpools.o
                                                  build/obj/chdynamic.o
chPoolAllocI                                      build/obj/chmempools.o
chPoolFree                                        build/obj/chmempools.o
                                                  build/obj/testdyn.o
                                                  build/obj/testpools.o
                                                  build/obj/chdynamic.o
chPoolFreeI                                       build/obj/chmempools.o
chPoolLoadArray                                   build/obj/chmempools.o
                                                  build/obj/testpools.o
chPoolObjectInit                                  build/obj/chmempools.o
                                                  build/obj/testdyn.o
                                                  build/obj/testpools.o
chRegFirstThread                                  build/obj/chregistry.o
                                                  build/obj/testdyn.o
chRegNextThread                                   build/obj/chregistry.o
                                                  build/obj/testdyn.o
chSchDoReschedule                                 build/obj/chschd.o
                                                  build/obj/chcoreasm_v7m.o
chSchDoRescheduleAhead                            build/obj/chschd.o
chSchDoRescheduleBehind                           build/obj/chschd.o
                                                  build/obj/chthreads.o
chSchGoSleepS                                     build/obj/chschd.o
                                                  build/obj/testbmk.o
                                                  build/obj/chmsg.o
                                                  build/obj/chevents.o
                                                  build/obj/chcond.o
                                                  build/obj/chmtx.o
                                                  build/obj/chsem.o
                                                  build/obj/chthreads.o
chSchGoSleepTimeoutS                              build/obj/chschd.o
                                                  build/obj/chevents.o
                                                  build/obj/chcond.o
                                                  build/obj/chsem.o
                                                  build/obj/chthreads.o
chSchIsPreemptionRequired                         build/obj/chschd.o
                                                  build/obj/chcore_v7m.o
chSchReadyI                                       build/obj/chschd.o
                                                  build/obj/chmsg.o
                                                  build/obj/chevents.o
                                                  build/obj/chcond.o
                                                  build/obj/chmtx.o
                                                  build/obj/chsem.o
                                                  build/obj/chthreads.o
chSchRescheduleS                                  build/obj/chschd.o
                                                  build/obj/testmtx.o
                                                  build/obj/testsem.o
                                                  build/obj/serial.o
                                                  build/obj/chmboxes.o
                                                  build/obj/chevents.o
                                                  build/obj/chcond.o
                                                  build/obj/chmtx.o
                                                  build/obj/chsem.o
                                                  build/obj/chthreads.o
                                                  build/obj/chsys.o
chSchWakeupS                                      build/obj/chschd.o
                                                  build/obj/testbmk.o
                                                  build/obj/chmsg.o
                                                  build/obj/chcond.o
                                                  build/obj/chsem.o
                                                  build/obj/chdynamic.o
                                                  build/obj/chthreads.o
chSemAddCounterI                                  build/obj/chsem.o
                                                  build/obj/testsem.o
chSemObjectInit                                   build/obj/chsem.o
                                                  build/obj/testbmk.o
                                                  build/obj/testsem.o
chSemReset                                        build/obj/chsem.o
                                                  build/obj/testbmk.o
                                                  build/obj/testsem.o
chSemResetI                                       build/obj/chsem.o
chSemSignal                                       build/obj/chsem.o
                                                  build/obj/testbmk.o
                                                  build/obj/testsem.o
chSemSignalI                                      build/obj/chsem.o
                                                  build/obj/testsem.o
chSemSignalWait                                   build/obj/chsem.o
                                                  build/obj/testsem.o
chSemWait                                         build/obj/chsem.o
                                                  build/obj/testbmk.o
                                                  build/obj/testsem.o
chSemWaitS                                        build/obj/chsem.o
chSemWaitTimeout                                  build/obj/chsem.o
                                                  build/obj/testsem.o
chSemWaitTimeoutS                                 build/obj/chsem.o
chSysGetStatusAndLockX                            build/obj/chsys.o
                                                  build/obj/testsys.o
chSysHalt                                         build/obj/chsys.o
chSysInit                                         build/obj/chsys.o
                                                  build/obj/main.o
chSysIntegrityCheckI                              build/obj/chsys.o
                                                  build/obj/testsys.o
chSysIsCounterWithinX                             build/obj/chsys.o
chSysPolledDelayX                                 build/obj/chsys.o
chSysRestoreStatusX                               build/obj/chsys.o
                                                  build/obj/testsys.o
chSysTimerHandlerI                                build/obj/chsys.o
                                                  build/obj/st_lld.o
chTMChainMeasurementToX                           build/obj/chtm.o
chTMObjectInit                                    build/obj/chtm.o
chTMStartMeasurementX                             build/obj/chtm.o
chTMStopMeasurementX                              build/obj/chtm.o
chThdAddRef                                       build/obj/chdynamic.o
                                                  build/obj/testdyn.o
chThdCreateFromHeap                               build/obj/chdynamic.o
                                                  build/obj/testdyn.o
chThdCreateFromMemoryPool                         build/obj/chdynamic.o
                                                  build/obj/testdyn.o
chThdCreateI                                      build/obj/chthreads.o
                                                  build/obj/testthd.o
                                                  build/obj/chdynamic.o
chThdCreateStatic                                 build/obj/chthreads.o
                                                  build/obj/main.o
                                                  build/obj/testbmk.o
                                                  build/obj/testqueues.o
                                                  build/obj/testevt.o
                                                  build/obj/testmsg.o
                                                  build/obj/testmtx.o
                                                  build/obj/testsem.o
                                                  build/obj/testthd.o
                                                  build/obj/chsys.o
chThdDequeueAllI                                  build/obj/chthreads.o
                                                  build/obj/hal_buffers.o
                                                  build/obj/chqueues.o
                                                  build/obj/chmboxes.o
chThdDequeueNextI                                 build/obj/chthreads.o
                                                  build/obj/hal_buffers.o
                                                  build/obj/chqueues.o
                                                  build/obj/chmboxes.o
chThdEnqueueTimeoutS                              build/obj/chthreads.o
                                                  build/obj/hal_buffers.o
                                                  build/obj/chqueues.o
                                                  build/obj/chmboxes.o
chThdExit                                         build/obj/chthreads.o
                                                  build/obj/testbmk.o
                                                  build/obj/chcoreasm_v7m.o
chThdExitS                                        build/obj/chthreads.o
chThdRelease                                      build/obj/chdynamic.o
                                                  build/obj/testdyn.o
                                                  build/obj/chregistry.o
                                                  build/obj/chthreads.o
chThdResume                                       build/obj/chthreads.o
chThdResumeI                                      build/obj/chthreads.o
chThdResumeS                                      build/obj/chthreads.o
chThdSetPriority                                  build/obj/chthreads.o
                                                  build/obj/testthd.o
chThdSleep                                        build/obj/chthreads.o
                                                  build/obj/main.o
                                                  build/obj/testbmk.o
                                                  build/obj/testsys.o
                                                  build/obj/testdyn.o
                                                  build/obj/testevt.o
                                                  build/obj/testmtx.o
                                                  build/obj/testsem.o
                                                  build/obj/testthd.o
                                                  build/obj/test.o
chThdSleepUntil                                   build/obj/chthreads.o
                                                  build/obj/testthd.o
chThdSleepUntilWindowed                           build/obj/chthreads.o
chThdStart                                        build/obj/chthreads.o
                                                  build/obj/testthd.o
chThdSuspendS                                     build/obj/chthreads.o
chThdSuspendTimeoutS                              build/obj/chthreads.o
chThdTerminate                                    build/obj/chthreads.o
                                                  build/obj/test.o
chThdWait                                         build/obj/chthreads.o
                                                  build/obj/testbmk.o
                                                  build/obj/test.o
chThdYield                                        build/obj/chthreads.o
                                                  build/obj/testbmk.o
chVTDoResetI                                      build/obj/chvt.o
                                                  build/obj/testbmk.o
                                                  build/obj/testsys.o
                                                  build/obj/test.o
                                                  build/obj/chschd.o
chVTDoSetI                                        build/obj/chvt.o
                                                  build/obj/testbmk.o
                                                  build/obj/testsys.o
                                                  build/obj/test.o
                                                  build/obj/chschd.o
ch_debug                                          build/obj/chregistry.o
                                                  build/obj/chsys.o
chprintf                                          build/obj/chprintf.o
                                                  build/obj/main.o
chsnprintf                                        build/obj/chprintf.o
chvprintf                                         build/obj/chprintf.o
energy_measure                                    build/obj/main.o
halInit                                           build/obj/hal.o
                                                  build/obj/main.o
hal_lld_init                                      build/obj/hal_lld.o
                                                  build/obj/hal.o
ibqGetEmptyBufferI                                build/obj/hal_buffers.o
ibqGetFullBufferTimeout                           build/obj/hal_buffers.o
ibqGetFullBufferTimeoutS                          build/obj/hal_buffers.o
ibqGetTimeout                                     build/obj/hal_buffers.o
ibqObjectInit                                     build/obj/hal_buffers.o
ibqPostFullBufferI                                build/obj/hal_buffers.o
ibqReadTimeout                                    build/obj/hal_buffers.o
ibqReleaseEmptyBuffer                             build/obj/hal_buffers.o
ibqReleaseEmptyBufferS                            build/obj/hal_buffers.o
ibqResetI                                         build/obj/hal_buffers.o
main                                              build/obj/main.o
                                                  build/obj/crt0_v7m.o
memcpy                                            /home/madog/programs/CodeSourcery/Sourcery_CodeBench_Lite_for_ARM_EABI/bin/../lib/gcc/arm-none-eabi/4.6.1/../../../../arm-none-eabi/lib/thumb2/libc.a(lib_a-memcpy.o)
                                                  build/obj/hal_buffers.o
msObjectInit                                      build/obj/chprintf.o
nvicClearPending                                  build/obj/nvic.o
nvicDisableVector                                 build/obj/nvic.o
                                                  build/obj/serial_lld.o
nvicEnableVector                                  build/obj/nvic.o
                                                  build/obj/serial_lld.o
                                                  build/obj/st_lld.o
nvicSetSystemHandlerPriority                      build/obj/nvic.o
obqFlush                                          build/obj/hal_buffers.o
obqGetEmptyBufferTimeout                          build/obj/hal_buffers.o
obqGetEmptyBufferTimeoutS                         build/obj/hal_buffers.o
obqGetFullBufferI                                 build/obj/hal_buffers.o
obqObjectInit                                     build/obj/hal_buffers.o
obqPostFullBuffer                                 build/obj/hal_buffers.o
obqPostFullBufferS                                build/obj/hal_buffers.o
obqPutTimeout                                     build/obj/hal_buffers.o
obqReleaseEmptyBufferI                            build/obj/hal_buffers.o
obqResetI                                         build/obj/hal_buffers.o
obqTryFlushI                                      build/obj/hal_buffers.o
obqWriteTimeout                                   build/obj/hal_buffers.o
palReadBus                                        build/obj/pal.o
palSetBusMode                                     build/obj/pal.o
palWriteBus                                       build/obj/pal.o
pal_default_config                                build/obj/board.o
                                                  build/obj/hal.o
patternbmk                                        build/obj/testbmk.o
                                                  build/obj/test.o
patterndyn                                        build/obj/testdyn.o
                                                  build/obj/test.o
patternevt                                        build/obj/testevt.o
                                                  build/obj/test.o
patternheap                                       build/obj/testheap.o
                                                  build/obj/test.o
patternmbox                                       build/obj/testmbox.o
                                                  build/obj/test.o
patternmsg                                        build/obj/testmsg.o
                                                  build/obj/test.o
patternmtx                                        build/obj/testmtx.o
                                                  build/obj/test.o
patternpools                                      build/obj/testpools.o
                                                  build/obj/test.o
patternqueues                                     build/obj/testqueues.o
                                                  build/obj/test.o
patternsem                                        build/obj/testsem.o
                                                  build/obj/test.o
patternsys                                        build/obj/testsys.o
                                                  build/obj/test.o
patternthd                                        build/obj/testthd.o
                                                  build/obj/test.o
sdGetWouldBlock                                   build/obj/serial.o
sdIncomingDataI                                   build/obj/serial.o
                                                  build/obj/serial_lld.o
sdInit                                            build/obj/serial.o
                                                  build/obj/hal.o
sdObjectInit                                      build/obj/serial.o
                                                  build/obj/serial_lld.o
sdPutWouldBlock                                   build/obj/serial.o
sdRequestDataI                                    build/obj/serial.o
sdStart                                           build/obj/serial.o
                                                  build/obj/main.o
sdStop                                            build/obj/serial.o
sd_lld_init                                       build/obj/serial_lld.o
                                                  build/obj/serial.o
sd_lld_start                                      build/obj/serial_lld.o
                                                  build/obj/serial.o
sd_lld_stop                                       build/obj/serial_lld.o